version https://git-lfs.github.com/spec/v1
oid sha256:ccb48a74a71aa5c5006ae84ca8927a83925397d67974487976b1f5d6b62c9a70
size 368975
