version https://git-lfs.github.com/spec/v1
oid sha256:e45dcd7d27a821995e882c3df01193b2f5c3637eaa08cff48a48cf9832980a0f
size 144848
