version https://git-lfs.github.com/spec/v1
oid sha256:23c9bc63a88e0aba50bd8487c67405472a31a80783525ad6d57e681d0f872cb9
size 230749
