version https://git-lfs.github.com/spec/v1
oid sha256:58f1524e5e26f8e44aaf232dbf54e120e1288482523a0bed67ab6825ce238721
size 94113
