version https://git-lfs.github.com/spec/v1
oid sha256:23a67b285281f7e24fbc4186a7c731a0134c1bd47c3c180ff772b0a33ceaf402
size 137936
