version https://git-lfs.github.com/spec/v1
oid sha256:e4a5b41ed72cd79e95a0b7e282809f21651aec98b73d0d89805f1b9dd6b5af13
size 71622
