version https://git-lfs.github.com/spec/v1
oid sha256:c95c0ffb68a194577e76c9c0996fc498c57cb1c8355ccfe112874b9b3265211e
size 90963
