version https://git-lfs.github.com/spec/v1
oid sha256:2c8ee16ed2135a48f06f9afe39ae92f5e5a8197c5da310b8ab11638a0c6a9780
size 226322
