version https://git-lfs.github.com/spec/v1
oid sha256:0af598a995402f07e2c69602108f29cd4f78d68a1d567fc151ab3a1c9b74740b
size 115970
