version https://git-lfs.github.com/spec/v1
oid sha256:b795a6f36b6ee5420b83a95a64ed51782b158fb1a07288bc688a56ff37e3ea27
size 116685
