version https://git-lfs.github.com/spec/v1
oid sha256:244538f0c0ee7b43e94c63be1628f5d2922d9725b26508ccbb4eaff16475209b
size 55883
