version https://git-lfs.github.com/spec/v1
oid sha256:59c9458a6b9b7a8c9db01ee9ea1618a68e770b61a45c83792e42a703ca3d3994
size 127442
