version https://git-lfs.github.com/spec/v1
oid sha256:4baf3a41cb2bd38fa01cb6dcae59c71ad86ffb2d1eacbabbe0def5174e60658c
size 136136
