version https://git-lfs.github.com/spec/v1
oid sha256:f5f31718b23b98f00851651da386ba2937f93837078abababf5afc1209f36549
size 230227
