version https://git-lfs.github.com/spec/v1
oid sha256:4ecd07c81d6432057974aa98557542b7efbaa1155ba11fdf81f1c84ef4b007a0
size 120465
