version https://git-lfs.github.com/spec/v1
oid sha256:441974282ea93e5786e2bd0b6ba7aec9f7702a8908132b4edc79da0e2bf4a74e
size 86515
