version https://git-lfs.github.com/spec/v1
oid sha256:ff900e975e5ca09dac29b43f39c4fe67adcd15722317cd143ab8ab8647673d79
size 23174
