version https://git-lfs.github.com/spec/v1
oid sha256:10065f121c1ff8799e39cabc0b4a6b33b99a2c4a6ca3fb0c432f1b703436bc70
size 1711116
