version https://git-lfs.github.com/spec/v1
oid sha256:7bf9b6f3788bfd4181ec26a47e23c3a4940d7f9d9ff4712402ef0d86e207849f
size 1447154
