version https://git-lfs.github.com/spec/v1
oid sha256:c2a7d733108f0a713035937be970f07d2d4c49cbd96832041077fecbd452ead1
size 1826669
