version https://git-lfs.github.com/spec/v1
oid sha256:cacdc4b9c21a07fe90528bb4e4e30fedf2c5b173fae1024c7ca09339c36a2f6f
size 1010967
