version https://git-lfs.github.com/spec/v1
oid sha256:faf28b21d9f6dfed9e39413251485f7a498ccd61de90fc8139403cc2c05f7676
size 1530956
