version https://git-lfs.github.com/spec/v1
oid sha256:a183f619f47e7695e6a9edcf8992428cb201dca1dc49b0d9b0b1480fdbbd3eb9
size 122038
