version https://git-lfs.github.com/spec/v1
oid sha256:3bc462d6348b9819527b24f751bbbe20ce4cabbeb77f8c98d940b3d629083fe5
size 201477
