version https://git-lfs.github.com/spec/v1
oid sha256:1d414e063520cfdfc6ab796d9a04c310b4e1c45894f906c1b86cd47f9c99beb5
size 359251
