version https://git-lfs.github.com/spec/v1
oid sha256:3f290c6bd3cf1da41dc755ae09608067974598188029a6c86b8d45103d3ea915
size 73400
