version https://git-lfs.github.com/spec/v1
oid sha256:21d2a3de23fe31756b81d0acde3351cfa84bf72cd39d72977aec6618c12eec31
size 108101
