version https://git-lfs.github.com/spec/v1
oid sha256:2f415ecebdb83a1fea25a39dba78451a251b4504411a070af48248ff44801c45
size 195100
