version https://git-lfs.github.com/spec/v1
oid sha256:216662e563f03620579be9397bd4abe60d5fd29f37f08228187c4b899c50efb7
size 409388
