version https://git-lfs.github.com/spec/v1
oid sha256:c014b662f63c52fe5e5613b349fd77fcf17780844bd3b0e0b821f3ab38791217
size 211256
