version https://git-lfs.github.com/spec/v1
oid sha256:c0285638aacc06c0bcb951f73622485600f6b6a58d011f69e505605d25b10c74
size 181432
