version https://git-lfs.github.com/spec/v1
oid sha256:b63c5dbd11ca78ca09de9e9487ae1de3102ab0bcf54ae06675a42e8199ab15bc
size 174039
