version https://git-lfs.github.com/spec/v1
oid sha256:a181be0086fd9b10f8f3bd21c0c8a522b3992acf09920d3d1e00cecf7d59d772
size 267927
