version https://git-lfs.github.com/spec/v1
oid sha256:4d834f7e0f9f32af5501d9d7d3ff0922fb48ae541643eb154c5f4ca3c78b29fd
size 321214
