version https://git-lfs.github.com/spec/v1
oid sha256:a7a882cd82be371ade0eb240a482f53a013a2e015b91530668118dcabfbbf66e
size 161097
