version https://git-lfs.github.com/spec/v1
oid sha256:fc3e7ba34c6a8dfde23c620bde1fb61a04107b285c0e5d4bf42c355f49287031
size 283998
