version https://git-lfs.github.com/spec/v1
oid sha256:8821fb6320d77cefef462c4beb930b34bf3dfb6dfffa56636d20c0f5fa0b683a
size 420626
