version https://git-lfs.github.com/spec/v1
oid sha256:c35073157c1a4d46054b8a7ff8d742bdb519969edb8ad8cdeeb3a39f73bcefb0
size 678306
