version https://git-lfs.github.com/spec/v1
oid sha256:d22c742c1977a907eb3431db9835ac77a03313375054dee538c0e5c36cdd75f7
size 377793
