version https://git-lfs.github.com/spec/v1
oid sha256:d8c4e83bdc7f0d7ce0796818b23f53dd3f962285ac2d4220c2946039b504691c
size 859415
