version https://git-lfs.github.com/spec/v1
oid sha256:d059a035cae3f2fa063105ee4c21e634c58da880d71e8d10abd3c21ab9007902
size 253845
