version https://git-lfs.github.com/spec/v1
oid sha256:ebb37421f9676838fbf039071c6e148e07e2783701ab24b5fc0871cb6ade7eae
size 349298
