version https://git-lfs.github.com/spec/v1
oid sha256:38be84eac6b6f5c46731dfd34b24f38bcbfba14473b9222f161f020300d12a61
size 206809
