version https://git-lfs.github.com/spec/v1
oid sha256:be03943f5003cc1456ff3eefb31f297387c05148f969e7e62cf9a4b323825445
size 281029
