version https://git-lfs.github.com/spec/v1
oid sha256:bf00c5549522f324b96cda636e692a16667070f2aba06544cc9126cea816d6c8
size 218533
