version https://git-lfs.github.com/spec/v1
oid sha256:49b5da2c9ab00bf222d9eee26d578b2c828054d1d42f4f68f4ca1a6c6a0c98db
size 296165
