version https://git-lfs.github.com/spec/v1
oid sha256:af90231b608c71b4bac314a58093d4a37a4dcd8e05715ee862571779cc549fb3
size 201740
