version https://git-lfs.github.com/spec/v1
oid sha256:d48d503a273fc70136e7e14d71173e0771a3e368527cf84845d21d02a2820ef9
size 295222
