version https://git-lfs.github.com/spec/v1
oid sha256:421222ab799c2462370873531960c3530a5decb38145c92166af8a4039629ccd
size 160078
