version https://git-lfs.github.com/spec/v1
oid sha256:4cb3510836d9232c3a904e90bbefc75c4a269bc77637c75f99914e04fafd08c5
size 259233
